// Jest Snapshot v1, https://goo.gl/fbAQLP

exports[`About Us snapshot test renders to DOM correctly 1`] = `
<h1>
  About!
</h1>
`;
